Logging to /home/rquiroga/github/runs-n-poses/logs/benchmark/benchmark.log

=== Stage: Meeko receptor prep ===
[2026-07-02 10:18:32] $ /home/rquiroga/anaconda3/envs/runs_n_poses/bin/python /home/rquiroga/github/runs-n-poses/scripts/prepare_receptor_meeko.py --input-dir /home/rquiroga/Datasets/runs-n-poses-datasets/symmetry_corrected --output-pdbqt /home/rquiroga/Datasets/runs-n-poses-datasets/meeko_receptors_pdbqt --output-pdbt /home/rquiroga/Datasets/runs-n-poses-datasets/meeko_receptors_pdbt --system-list /home/rquiroga/github/runs-n-poses/scripts/single_ligand_systems_symmetry.csv

=== Stage: Meeko ligand prep ===
[2026-07-02 10:20:24] $ /home/rquiroga/anaconda3/envs/runs_n_poses/bin/python /home/rquiroga/github/runs-n-poses/scripts/prepare_ligand_meeko.py --ground-truth-dir /home/rquiroga/Datasets/runs-n-poses-datasets/ground_truth --output-pdbt /home/rquiroga/Datasets/runs-n-poses-datasets/meeko_ligands_pdbt --output-pdbqt /home/rquiroga/Datasets/runs-n-poses-datasets/meeko_ligands_pdbqt --system-info /home/rquiroga/github/runs-n-poses/scripts/single_ligand_systems_symmetry.csv

=== Stage: Dock + Analyze ===

--- Dock: vina (8,32) ---
[2026-07-02 10:20:27] $ /home/rquiroga/anaconda3/envs/runs_n_poses/bin/python /home/rquiroga/github/runs-n-poses/scripts/03_run_vina.py --receptor-dir /home/rquiroga/Datasets/runs-n-poses-datasets/symmetry_receptors_pdbqt --ligand-dir /home/rquiroga/Datasets/runs-n-poses-datasets/symmetry_ligands_pdbqt --output-dir /home/rquiroga/Datasets/runs-n-poses-datasets/autodock_vina_8 --exhaustiveness 8 --threads 8 --executable vina --annotations /home/rquiroga/github/runs-n-poses/scripts/annotations_single_ligand_symmetry.csv --resume
[2026-07-02 10:20:28] $ /home/rquiroga/anaconda3/envs/runs_n_poses/bin/python /home/rquiroga/github/runs-n-poses/scripts/03_run_vina.py --receptor-dir /home/rquiroga/Datasets/runs-n-poses-datasets/symmetry_receptors_pdbqt --ligand-dir /home/rquiroga/Datasets/runs-n-poses-datasets/symmetry_ligands_pdbqt --output-dir /home/rquiroga/Datasets/runs-n-poses-datasets/autodock_vina_32 --exhaustiveness 32 --threads 8 --executable vina --annotations /home/rquiroga/github/runs-n-poses/scripts/annotations_single_ligand_symmetry.csv --resume

--- Analyze: autodock_vina_8 ---
[2026-07-02 10:20:28] $ /home/rquiroga/anaconda3/envs/runs_n_poses/bin/python /home/rquiroga/github/runs-n-poses/scripts/04_analyze_docking.py --family vina --method autodock_vina_8 --output-dir /home/rquiroga/Datasets/runs-n-poses-datasets/autodock_vina_8 --analysis-dir /home/rquiroga/github/runs-n-poses/examples/analysis/vina_8 --predictions-csv /home/rquiroga/Datasets/runs-n-poses-datasets/predictions/autodock_vina_8.csv --posebusters-csv /home/rquiroga/Datasets/runs-n-poses-datasets/posebusters_results/autodock_vina_8.csv --system-list /home/rquiroga/github/runs-n-poses/scripts/single_ligand_systems_symmetry.txt --resume

--- Analyze: autodock_vina_32 ---
[2026-07-02 10:20:42] $ /home/rquiroga/anaconda3/envs/runs_n_poses/bin/python /home/rquiroga/github/runs-n-poses/scripts/04_analyze_docking.py --family vina --method autodock_vina_32 --output-dir /home/rquiroga/Datasets/runs-n-poses-datasets/autodock_vina_32 --analysis-dir /home/rquiroga/github/runs-n-poses/examples/analysis/vina_32 --predictions-csv /home/rquiroga/Datasets/runs-n-poses-datasets/predictions/autodock_vina_32.csv --posebusters-csv /home/rquiroga/Datasets/runs-n-poses-datasets/posebusters_results/autodock_vina_32.csv --system-list /home/rquiroga/github/runs-n-poses/scripts/single_ligand_systems_symmetry.txt --resume

--- Dock: qvina-w ---
[2026-07-02 10:20:45] $ /home/rquiroga/anaconda3/envs/runs_n_poses/bin/python /home/rquiroga/github/runs-n-poses/scripts/run_qvina_w.py --receptor-dir /home/rquiroga/Datasets/runs-n-poses-datasets/symmetry_receptors_pdbqt --ligand-dir /home/rquiroga/Datasets/runs-n-poses-datasets/symmetry_ligands_pdbqt --output-dir /home/rquiroga/Datasets/runs-n-poses-datasets/qvina_w --system-list /home/rquiroga/github/runs-n-poses/scripts/single_ligand_systems_symmetry.txt --cpu 8 --resume

--- Analyze: qvina_w ---
[2026-07-02 10:20:46] $ /home/rquiroga/anaconda3/envs/runs_n_poses/bin/python /home/rquiroga/github/runs-n-poses/scripts/04_analyze_docking.py --family vina --method qvina_w --output-dir /home/rquiroga/Datasets/runs-n-poses-datasets/qvina_w --analysis-dir /home/rquiroga/github/runs-n-poses/examples/analysis/qvina_w --predictions-csv /home/rquiroga/Datasets/runs-n-poses-datasets/predictions/qvina_w.csv --posebusters-csv /home/rquiroga/Datasets/runs-n-poses-datasets/posebusters_results/qvina_w.csv --system-list /home/rquiroga/github/runs-n-poses/scripts/single_ligand_systems_symmetry.txt --resume

--- Dock: quickvina2 ---
[2026-07-02 10:20:49] $ /home/rquiroga/anaconda3/envs/runs_n_poses/bin/python /home/rquiroga/github/runs-n-poses/scripts/run_quickvina2.py --receptor-dir /home/rquiroga/Datasets/runs-n-poses-datasets/symmetry_receptors_pdbqt --ligand-dir /home/rquiroga/Datasets/runs-n-poses-datasets/symmetry_ligands_pdbqt --output-dir /home/rquiroga/Datasets/runs-n-poses-datasets/quickvina2 --system-list /home/rquiroga/github/runs-n-poses/scripts/single_ligand_systems_symmetry.txt --cpu 8 --resume

--- Analyze: quickvina2 ---
[2026-07-02 10:20:50] $ /home/rquiroga/anaconda3/envs/runs_n_poses/bin/python /home/rquiroga/github/runs-n-poses/scripts/04_analyze_docking.py --family vina --method quickvina2 --output-dir /home/rquiroga/Datasets/runs-n-poses-datasets/quickvina2 --analysis-dir /home/rquiroga/github/runs-n-poses/examples/analysis/quickvina2 --predictions-csv /home/rquiroga/Datasets/runs-n-poses-datasets/predictions/quickvina2.csv --posebusters-csv /home/rquiroga/Datasets/runs-n-poses-datasets/posebusters_results/quickvina2.csv --system-list /home/rquiroga/github/runs-n-poses/scripts/single_ligand_systems_symmetry.txt --resume

--- Dock: autodock-gpu ---
[2026-07-02 10:20:53] $ /home/rquiroga/anaconda3/envs/runs_n_poses/bin/python /home/rquiroga/github/runs-n-poses/scripts/run_autodock_gpu.py --sym-receptor-dir /home/rquiroga/Datasets/runs-n-poses-datasets/symmetry_corrected --ligand-dir /home/rquiroga/Datasets/runs-n-poses-datasets/meeko_ligands_pdbqt --output-dir /home/rquiroga/Datasets/runs-n-poses-datasets/autodock_gpu --system-list /home/rquiroga/github/runs-n-poses/scripts/single_ligand_systems_symmetry.txt --nrun 20 --resume

--- Analyze: autodock_gpu ---
[2026-07-02 10:22:52] $ /home/rquiroga/anaconda3/envs/runs_n_poses/bin/python /home/rquiroga/github/runs-n-poses/scripts/04_analyze_docking.py --family adgpu --method autodock_gpu --output-dir /home/rquiroga/Datasets/runs-n-poses-datasets/autodock_gpu --analysis-dir /home/rquiroga/github/runs-n-poses/examples/analysis/autodock_gpu --predictions-csv /home/rquiroga/Datasets/runs-n-poses-datasets/predictions/autodock_gpu.csv --posebusters-csv /home/rquiroga/Datasets/runs-n-poses-datasets/posebusters_results/autodock_gpu.csv --system-list /home/rquiroga/github/runs-n-poses/scripts/single_ligand_systems_symmetry.txt --resume

--- Dock: vina-8-meeko ---
[2026-07-02 10:22:52] $ /home/rquiroga/anaconda3/envs/runs_n_poses/bin/python /home/rquiroga/github/runs-n-poses/scripts/03_run_vina.py --receptor-dir /home/rquiroga/Datasets/runs-n-poses-datasets/meeko_receptors_pdbqt --ligand-dir /home/rquiroga/Datasets/runs-n-poses-datasets/meeko_ligands_pdbqt --output-dir /home/rquiroga/Datasets/runs-n-poses-datasets/vina_8_meeko --exhaustiveness 8 --threads 8 --executable vina --annotations /home/rquiroga/github/runs-n-poses/scripts/annotations_single_ligand_symmetry.csv --resume

--- Analyze: vina_8_meeko ---
